This file contains any messages produced by compilers while
running configure, to aid debugging if configure makes a mistake.

It was created by FreeType configure 2.13.3, which was
generated by GNU Autoconf 2.72.  Invocation command line was

  $ ./configure --prefix=/home/thomas/coding/vivium/external/linux/freetypebuild2

## --------- ##
## Platform. ##
## --------- ##

hostname = DESKTOP-B31VJ3P
uname -m = x86_64
uname -r = 6.6.87.2-microsoft-standard-WSL2
uname -s = Linux
uname -v = #1 SMP PREEMPT_DYNAMIC Thu Jun  5 18:30:46 UTC 2025

/usr/bin/uname -p = x86_64
/bin/uname -X     = unknown

/bin/arch              = x86_64
/usr/bin/arch -k       = unknown
/usr/convex/getsysinfo = unknown
/usr/bin/hostinfo      = unknown
/bin/machine           = unknown
/usr/bin/oslevel       = unknown
/bin/universe          = unknown

PATH: /home/thomas/.local/bin/
PATH: /usr/local/sbin/
PATH: /usr/local/bin/
PATH: /usr/sbin/
PATH: /usr/bin/
PATH: /sbin/
PATH: /bin/
PATH: /usr/games/
PATH: /usr/local/games/
PATH: /usr/lib/wsl/lib/
PATH: /mnt/c/Program Files/Common Files/Oracle/Java/javapath/
PATH: /mnt/c/VulkanSDK/1.3.280.0/Bin/
PATH: /mnt/c/VulkanSDK/1.3.261.1/Bin/
PATH: /mnt/c/Program Files (x86)/Razer Chroma SDK/bin/
PATH: /mnt/c/Program Files/Razer Chroma SDK/bin/
PATH: /mnt/c/Program Files (x86)/Razer/ChromaBroadcast/bin/
PATH: /mnt/c/Program Files/Razer/ChromaBroadcast/bin/
PATH: /mnt/d/coding/repos/vulkan_stuff/external/vulkan/Bin/
PATH: /mnt/d/VulkanInstalls/1.3.246.1/Bin/
PATH: /mnt/c/WINDOWS/system32/
PATH: /mnt/c/WINDOWS/
PATH: /mnt/c/WINDOWS/System32/Wbem/
PATH: /mnt/c/WINDOWS/System32/WindowsPowerShell/v1.0/
PATH: /mnt/c/WINDOWS/System32/OpenSSH/
PATH: /mnt/c/Program Files (x86)/Git/cmd/
PATH: /mnt/d/NeoVim/bin/
PATH: /mnt/c/ProgramData/chocolatey/bin/
PATH: /mnt/c/Program Files/LLVM/bin/
PATH: /mnt/c/Program Files (x86)/NVIDIA Corporation/PhysX/Common/
PATH: /mnt/c/WINDOWS/system32/config/systemprofile/AppData/Local/Microsoft/WindowsApps/
PATH: /mnt/c/Users/thoma/AppData/Roaming/nvm/
PATH: /mnt/c/Program Files/nodejs/
PATH: /mnt/c/Program Files/dotnet/
PATH: /mnt/c/Program Files/NVIDIA Corporation/NVIDIA app/NvDLISR/
PATH: /mnt/c/Program Files/doxygen/bin/
PATH: /mnt/c/Program Files (x86)/Windows Kits/10/Windows Performance Toolkit/
PATH: /mnt/c/Users/thoma/AppData/Local/Muse Hub/lib/
PATH: /mnt/c/Program Files/Neovim/bin/
PATH: /mnt/c/Program Files (x86)/LLVM/bin/
PATH: /mnt/c/Users/thoma/AppData/Local/Programs/Python/Python313/Scripts/
PATH: /mnt/c/Users/thoma/AppData/Local/Programs/Python/Python313/
PATH: /mnt/c/Program Files/Elixir/bin/
PATH: /mnt/c/Program Files/Erlang OTP/bin/
PATH: /mnt/c/Users/thoma/.cargo/bin/
PATH: /mnt/c/Program Files/Common Files/Oracle/Java/javapath/
PATH: /mnt/c/VulkanSDK/1.3.280.0/Bin/
PATH: /mnt/c/VulkanSDK/1.3.261.1/Bin/
PATH: /mnt/c/Program Files (x86)/Razer Chroma SDK/bin/
PATH: /mnt/c/Program Files/Razer Chroma SDK/bin/
PATH: /mnt/c/Program Files (x86)/Razer/ChromaBroadcast/bin/
PATH: /mnt/c/Program Files/Razer/ChromaBroadcast/bin/
PATH: /mnt/d/coding/repos/vulkan_stuff/external/vulkan/Bin/
PATH: /mnt/d/VulkanInstalls/1.3.246.1/Bin/
PATH: /mnt/c/WINDOWS/system32/
PATH: /mnt/c/WINDOWS/
PATH: /mnt/c/WINDOWS/System32/Wbem/
PATH: /mnt/c/WINDOWS/System32/WindowsPowerShell/v1.0/
PATH: /mnt/c/WINDOWS/System32/OpenSSH/
PATH: /mnt/c/Program Files (x86)/Git/cmd/
PATH: /mnt/d/NeoVim/bin/
PATH: /mnt/c/ProgramData/chocolatey/bin/
PATH: /mnt/c/Program Files/LLVM/bin/
PATH: /mnt/c/Program Files (x86)/NVIDIA Corporation/PhysX/Common/
PATH: /mnt/c/WINDOWS/system32/config/systemprofile/AppData/Local/Microsoft/WindowsApps/
PATH: /mnt/c/Users/thoma/AppData/Roaming/nvm/
PATH: /mnt/c/Program Files/nodejs/
PATH: /mnt/c/Program Files/dotnet/
PATH: /mnt/c/Program Files/NVIDIA Corporation/NVIDIA app/NvDLISR/
PATH: /mnt/c/Program Files/doxygen/bin/
PATH: /mnt/c/Program Files (x86)/Windows Kits/10/Windows Performance Toolkit/
PATH: /mnt/c/Users/thoma/AppData/Local/Muse Hub/lib/
PATH: /mnt/c/Program Files/Neovim/bin/
PATH: /mnt/c/Program Files (x86)/LLVM/bin/
PATH: /mnt/c/Users/thoma/AppData/Local/Programs/Python/Python312/
PATH: /mnt/c/Users/thoma/AppData/Local/Programs/Python/Python312/Scripts/
PATH: /mnt/c/ProgramData/chocolatey/lib/mingw/tools/install/mingw64/bin/
PATH: /mnt/c/Program Files/CMake/bin/
PATH: /mnt/c/Users/thoma/AppData/Local/Programs/Microsoft VS Code/bin/
PATH: /mnt/c/Users/thoma/AppData/Roaming/nvm/
PATH: /mnt/c/Program Files/nodejs/
PATH: /mnt/c/Users/thoma/AppData/Local/Muse Hub/lib/
PATH: /mnt/c/Users/thoma/.dotnet/tools/
PATH: /mnt/c/Program Files/LLVM/bin/
PATH: /snap/bin/


## ----------- ##
## Core tests. ##
## ----------- ##

configure:2604: looking for aux files: install-sh ltmain.sh config.guess config.sub
configure:2617:  trying ./
configure:2628:   ./install-sh found
configure:2646:   ./ltmain.sh found
configure:2646:   ./config.guess found
configure:2646:   ./config.sub found
configure:2778: checking build system type
configure:2794: result: x86_64-pc-linux-gnu
configure:2814: checking host system type
configure:2829: result: x86_64-pc-linux-gnu
configure:2916: checking for gcc
configure:2937: found /usr/bin/gcc
configure:2949: result: gcc
configure:3308: checking for C compiler version
configure:3317: gcc --version >&5
gcc (Ubuntu 13.3.0-6ubuntu2~24.04) 13.3.0
Copyright (C) 2023 Free Software Foundation, Inc.
This is free software; see the source for copying conditions.  There is NO
warranty; not even for MERCHANTABILITY or FITNESS FOR A PARTICULAR PURPOSE.

configure:3328: $? = 0
configure:3317: gcc -v >&5
Using built-in specs.
COLLECT_GCC=gcc
COLLECT_LTO_WRAPPER=/usr/libexec/gcc/x86_64-linux-gnu/13/lto-wrapper
OFFLOAD_TARGET_NAMES=nvptx-none:amdgcn-amdhsa
OFFLOAD_TARGET_DEFAULT=1
Target: x86_64-linux-gnu
Configured with: ../src/configure -v --with-pkgversion='Ubuntu 13.3.0-6ubuntu2~24.04' --with-bugurl=file:///usr/share/doc/gcc-13/README.Bugs --enable-languages=c,ada,c++,go,d,fortran,objc,obj-c++,m2 --prefix=/usr --with-gcc-major-version-only --program-suffix=-13 --program-prefix=x86_64-linux-gnu- --enable-shared --enable-linker-build-id --libexecdir=/usr/libexec --without-included-gettext --enable-threads=posix --libdir=/usr/lib --enable-nls --enable-bootstrap --enable-clocale=gnu --enable-libstdcxx-debug --enable-libstdcxx-time=yes --with-default-libstdcxx-abi=new --enable-libstdcxx-backtrace --enable-gnu-unique-object --disable-vtable-verify --enable-plugin --enable-default-pie --with-system-zlib --enable-libphobos-checking=release --with-target-system-zlib=auto --enable-objc-gc=auto --enable-multiarch --disable-werror --enable-cet --with-arch-32=i686 --with-abi=m64 --with-multilib-list=m32,m64,mx32 --enable-multilib --with-tune=generic --enable-offload-targets=nvptx-none=/build/gcc-13-fG75Ri/gcc-13-13.3.0/debian/tmp-nvptx/usr,amdgcn-amdhsa=/build/gcc-13-fG75Ri/gcc-13-13.3.0/debian/tmp-gcn/usr --enable-offload-defaulted --without-cuda-driver --enable-checking=release --build=x86_64-linux-gnu --host=x86_64-linux-gnu --target=x86_64-linux-gnu --with-build-config=bootstrap-lto-lean --enable-link-serialization=2
Thread model: posix
Supported LTO compression algorithms: zlib zstd
gcc version 13.3.0 (Ubuntu 13.3.0-6ubuntu2~24.04) 
... rest of stderr output deleted ...
configure:3328: $? = 0
configure:3317: gcc -V >&5
gcc: error: unrecognized command-line option '-V'
gcc: fatal error: no input files
compilation terminated.
configure:3328: $? = 1
configure:3317: gcc -qversion >&5
gcc: error: unrecognized command-line option '-qversion'; did you mean '--version'?
gcc: fatal error: no input files
compilation terminated.
configure:3328: $? = 1
configure:3317: gcc -version >&5
gcc: error: unrecognized command-line option '-version'
gcc: fatal error: no input files
compilation terminated.
configure:3328: $? = 1
configure:3348: checking whether the C compiler works
configure:3370: gcc    conftest.c  >&5
configure:3374: $? = 0
configure:3425: result: yes
configure:3429: checking for C compiler default output file name
configure:3431: result: a.out
configure:3437: checking for suffix of executables
configure:3444: gcc -o conftest    conftest.c  >&5
configure:3448: $? = 0
configure:3472: result: 
configure:3496: checking whether we are cross compiling
configure:3504: gcc -o conftest    conftest.c  >&5
configure:3508: $? = 0
configure:3515: ./conftest
configure:3519: $? = 0
configure:3534: result: no
configure:3540: checking for suffix of object files
configure:3563: gcc -c   conftest.c >&5
configure:3567: $? = 0
configure:3591: result: o
configure:3595: checking whether the compiler supports GNU C
configure:3615: gcc -c   conftest.c >&5
configure:3615: $? = 0
configure:3627: result: yes
configure:3638: checking whether gcc accepts -g
configure:3659: gcc -c -g  conftest.c >&5
configure:3659: $? = 0
configure:3706: result: yes
configure:3726: checking for gcc option to enable C11 features
configure:3741: gcc  -c -g -O2  conftest.c >&5
configure:3741: $? = 0
configure:3760: result: none needed
configure:3883: checking how to run the C preprocessor
configure:3909: gcc -E  conftest.c
configure:3909: $? = 0
configure:3925: gcc -E  conftest.c
conftest.c:9:10: fatal error: ac_nonexistent.h: No such file or directory
    9 | #include <ac_nonexistent.h>
      |          ^~~~~~~~~~~~~~~~~~
compilation terminated.
configure:3925: $? = 1
configure: failed program was:
| /* confdefs.h */
| #define PACKAGE_NAME "FreeType"
| #define PACKAGE_TARNAME "freetype"
| #define PACKAGE_VERSION "2.13.3"
| #define PACKAGE_STRING "FreeType 2.13.3"
| #define PACKAGE_BUGREPORT "freetype@nongnu.org"
| #define PACKAGE_URL ""
| /* end confdefs.h.  */
| #include <ac_nonexistent.h>
configure:3954: result: gcc -E
configure:3968: gcc -E  conftest.c
configure:3968: $? = 0
configure:3984: gcc -E  conftest.c
conftest.c:9:10: fatal error: ac_nonexistent.h: No such file or directory
    9 | #include <ac_nonexistent.h>
      |          ^~~~~~~~~~~~~~~~~~
compilation terminated.
configure:3984: $? = 1
configure: failed program was:
| /* confdefs.h */
| #define PACKAGE_NAME "FreeType"
| #define PACKAGE_TARNAME "freetype"
| #define PACKAGE_VERSION "2.13.3"
| #define PACKAGE_STRING "FreeType 2.13.3"
| #define PACKAGE_BUGREPORT "freetype@nongnu.org"
| #define PACKAGE_URL ""
| /* end confdefs.h.  */
| #include <ac_nonexistent.h>
configure:4078: checking for pkg-config
configure:4101: found /usr/bin/pkg-config
configure:4114: result: /usr/bin/pkg-config
configure:4139: checking pkg-config is at least version 0.24
configure:4142: result: yes
configure:4199: checking how to print strings
configure:4226: result: printf
configure:4247: checking for a sed that does not truncate output
configure:4319: result: /usr/bin/sed
configure:4337: checking for grep that handles long lines and -e
configure:4403: result: /usr/bin/grep
configure:4408: checking for egrep
configure:4478: result: /usr/bin/grep -E
configure:4485: checking for fgrep
configure:4555: result: /usr/bin/grep -F
configure:4592: checking for ld used by gcc
configure:4661: result: /usr/bin/ld
configure:4668: checking if the linker (/usr/bin/ld) is GNU ld
configure:4685: result: yes
configure:4697: checking for BSD- or MS-compatible name lister (nm)
configure:4753: result: /usr/bin/nm -B
configure:4895: checking the name lister (/usr/bin/nm -B) interface
configure:4903: gcc -c -g -O2  conftest.c >&5
configure:4906: /usr/bin/nm -B "conftest.o"
configure:4909: output
0000000000000000 B some_variable
configure:4917: result: BSD nm
configure:4920: checking whether ln -s works
configure:4924: result: yes
configure:4932: checking the maximum length of command line arguments
configure:5065: result: 1572864
configure:5113: checking how to convert x86_64-pc-linux-gnu file names to x86_64-pc-linux-gnu format
configure:5155: result: func_convert_file_noop
configure:5162: checking how to convert x86_64-pc-linux-gnu file names to toolchain format
configure:5184: result: func_convert_file_noop
configure:5191: checking for /usr/bin/ld option to reload object files
configure:5200: result: -r
configure:5280: checking for file
configure:5301: found /usr/bin/file
configure:5313: result: file
configure:5390: checking for objdump
configure:5411: found /usr/bin/objdump
configure:5423: result: objdump
configure:5452: checking how to recognize dependent libraries
configure:5654: result: pass_all
configure:5745: checking for dlltool
configure:5781: result: no
configure:5808: checking how to associate runtime and link libraries
configure:5837: result: printf %s\n
configure:5904: checking for ar
configure:5925: found /usr/bin/ar
configure:5937: result: ar
configure:5990: checking for archiver @FILE support
configure:6008: gcc -c -g -O2  conftest.c >&5
configure:6008: $? = 0
configure:6012: ar cr libconftest.a @conftest.lst >&5
configure:6015: $? = 0
configure:6020: ar cr libconftest.a @conftest.lst >&5
ar: conftest.o: No such file or directory
configure:6023: $? = 1
configure:6036: result: @
configure:6100: checking for strip
configure:6121: found /usr/bin/strip
configure:6133: result: strip
configure:6211: checking for ranlib
configure:6232: found /usr/bin/ranlib
configure:6244: result: ranlib
configure:6321: checking for gawk
configure:6342: found /usr/bin/gawk
configure:6354: result: gawk
configure:6394: checking command to parse /usr/bin/nm -B output from gcc object
configure:6548: gcc -c -g -O2  conftest.c >&5
configure:6551: $? = 0
configure:6555: /usr/bin/nm -B conftest.o \| /usr/bin/sed -n -e 's/^.*[ ]\([ABCDGIRSTW][ABCDGIRSTW]*\)[ ][ ]*\([_A-Za-z][_A-Za-z0-9]*\)$/\1 \2 \2/p' | /usr/bin/sed '/ __gnu_lto/d' \> conftest.nm
configure:6558: $? = 0
configure:6624: gcc -o conftest -g -O2   conftest.c conftstm.o >&5
configure:6627: $? = 0
configure:6666: result: ok
configure:6713: checking for sysroot
configure:6745: result: no
configure:6752: checking for a working dd
configure:6797: result: /usr/bin/dd
configure:6801: checking how to truncate binary pipes
configure:6818: result: /usr/bin/dd bs=4096 count=1
configure:6955: gcc -c -g -O2  conftest.c >&5
configure:6958: $? = 0
configure:7158: checking for mt
configure:7179: found /usr/bin/mt
configure:7191: result: mt
configure:7214: checking if mt is a manifest tool
configure:7221: mt '-?'
configure:7230: result: no
configure:7969: checking for stdio.h
configure:7969: gcc -c -g -O2  conftest.c >&5
configure:7969: $? = 0
configure:7969: result: yes
configure:7969: checking for stdlib.h
configure:7969: gcc -c -g -O2  conftest.c >&5
configure:7969: $? = 0
configure:7969: result: yes
configure:7969: checking for string.h
configure:7969: gcc -c -g -O2  conftest.c >&5
configure:7969: $? = 0
configure:7969: result: yes
configure:7969: checking for inttypes.h
configure:7969: gcc -c -g -O2  conftest.c >&5
configure:7969: $? = 0
configure:7969: result: yes
configure:7969: checking for stdint.h
configure:7969: gcc -c -g -O2  conftest.c >&5
configure:7969: $? = 0
configure:7969: result: yes
configure:7969: checking for strings.h
configure:7969: gcc -c -g -O2  conftest.c >&5
configure:7969: $? = 0
configure:7969: result: yes
configure:7969: checking for sys/stat.h
configure:7969: gcc -c -g -O2  conftest.c >&5
configure:7969: $? = 0
configure:7969: result: yes
configure:7969: checking for sys/types.h
configure:7969: gcc -c -g -O2  conftest.c >&5
configure:7969: $? = 0
configure:7969: result: yes
configure:7969: checking for unistd.h
configure:7969: gcc -c -g -O2  conftest.c >&5
configure:7969: $? = 0
configure:7969: result: yes
configure:7969: checking for sys/param.h
configure:7969: gcc -c -g -O2  conftest.c >&5
configure:7969: $? = 0
configure:7969: result: yes
configure:7994: checking for dlfcn.h
configure:7994: gcc -c -g -O2  conftest.c >&5
configure:7994: $? = 0
configure:7994: result: yes
configure:8593: checking for objdir
configure:8610: result: .libs
configure:8872: checking if gcc supports -fno-rtti -fno-exceptions
configure:8891: gcc -c -g -O2  -fno-rtti -fno-exceptions conftest.c >&5
cc1: warning: command-line option '-fno-rtti' is valid for C++/D/ObjC++ but not for C
configure:8895: $? = 0
configure:8909: result: no
configure:9267: checking for gcc option to produce PIC
configure:9276: result: -fPIC -DPIC
configure:9284: checking if gcc PIC flag -fPIC -DPIC works
configure:9303: gcc -c -g -O2  -fPIC -DPIC -DPIC conftest.c >&5
configure:9307: $? = 0
configure:9321: result: yes
configure:9350: checking if gcc static flag -static works
configure:9380: result: yes
configure:9395: checking if gcc supports -c -o file.o
configure:9417: gcc -c -g -O2  -o out/conftest2.o conftest.c >&5
configure:9421: $? = 0
configure:9444: result: yes
configure:9452: checking if gcc supports -c -o file.o
configure:9501: result: yes
configure:9534: checking whether the gcc linker (/usr/bin/ld -m elf_x86_64) supports shared libraries
configure:10807: result: yes
configure:10844: checking whether -lc should be explicitly linked in
configure:10853: gcc -c -g -O2  conftest.c >&5
configure:10856: $? = 0
configure:10871: gcc -shared  -fPIC -DPIC conftest.o  -v -Wl,-soname -Wl,conftest -o conftest 2\>\&1 \| /usr/bin/grep  -lc  \>/dev/null 2\>\&1
configure:10874: $? = 0
configure:10889: result: no
configure:11049: checking dynamic linker characteristics
configure:11631: gcc -o conftest -g -O2   -Wl,-rpath -Wl,/foo conftest.c  >&5
configure:11631: $? = 0
configure:11871: result: GNU/Linux ld.so
configure:11993: checking how to hardcode library paths into programs
configure:12018: result: immediate
configure:12618: checking whether stripping libraries is possible
configure:12627: result: yes
configure:12669: checking if libtool supports shared libraries
configure:12671: result: yes
configure:12674: checking whether to build shared libraries
configure:12699: result: yes
configure:12702: checking whether to build static libraries
configure:12706: result: yes
configure:12743: checking for windows.h
configure:12743: gcc -c -g -O2  conftest.c >&5
conftest.c:50:10: fatal error: windows.h: No such file or directory
   50 | #include <windows.h>
      |          ^~~~~~~~~~~
compilation terminated.
configure:12743: $? = 1
configure: failed program was:
| /* confdefs.h */
| #define PACKAGE_NAME "FreeType"
| #define PACKAGE_TARNAME "freetype"
| #define PACKAGE_VERSION "2.13.3"
| #define PACKAGE_STRING "FreeType 2.13.3"
| #define PACKAGE_BUGREPORT "freetype@nongnu.org"
| #define PACKAGE_URL ""
| #define HAVE_STDIO_H 1
| #define HAVE_STDLIB_H 1
| #define HAVE_STRING_H 1
| #define HAVE_INTTYPES_H 1
| #define HAVE_STDINT_H 1
| #define HAVE_STRINGS_H 1
| #define HAVE_SYS_STAT_H 1
| #define HAVE_SYS_TYPES_H 1
| #define HAVE_UNISTD_H 1
| #define HAVE_SYS_PARAM_H 1
| #define STDC_HEADERS 1
| #define HAVE_DLFCN_H 1
| #define LT_OBJDIR ".libs/"
| /* end confdefs.h.  */
| #include <stddef.h>
| #ifdef HAVE_STDIO_H
| # include <stdio.h>
| #endif
| #ifdef HAVE_STDLIB_H
| # include <stdlib.h>
| #endif
| #ifdef HAVE_STRING_H
| # include <string.h>
| #endif
| #ifdef HAVE_INTTYPES_H
| # include <inttypes.h>
| #endif
| #ifdef HAVE_STDINT_H
| # include <stdint.h>
| #endif
| #ifdef HAVE_STRINGS_H
| # include <strings.h>
| #endif
| #ifdef HAVE_SYS_TYPES_H
| # include <sys/types.h>
| #endif
| #ifdef HAVE_SYS_STAT_H
| # include <sys/stat.h>
| #endif
| #ifdef HAVE_UNISTD_H
| # include <unistd.h>
| #endif
| #include <windows.h>
configure:12743: result: no
configure:13127: checking for a BSD-compatible install
configure:13201: result: /usr/bin/install -c
configure:13221: checking for a race-free mkdir -p
configure:13264: result: /usr/bin/mkdir -p
configure:13278: checking for fcntl.h
configure:13278: gcc -c -g -O2  conftest.c >&5
configure:13278: $? = 0
configure:13278: result: yes
configure:13284: checking for unistd.h
configure:13284: result: yes
configure:13295: checking for an ANSI C-conforming const
configure:13362: gcc -c -g -O2  conftest.c >&5
configure:13362: $? = 0
configure:13372: result: yes
configure:13407: checking for gcc option to enable large file support
configure:13442: gcc -c -g -O2  conftest.c >&5
configure:13442: $? = 0
configure:13448: gcc -DFTYPE=ino_t -c -g -O2  conftest.c >&5
configure:13448: $? = 0
configure:13473: result: none needed
configure:13605: checking for getpagesize
configure:13605: gcc -o conftest -g -O2   conftest.c  >&5
configure:13605: $? = 0
configure:13605: result: yes
configure:13616: checking for working mmap
configure:13766: gcc -o conftest -g -O2   conftest.c  >&5
configure:13766: $? = 0
configure:13766: ./conftest
configure:13766: $? = 0
configure:13780: result: yes
configure:13792: checking for gcc options needed to detect all undeclared functions
configure:13814: gcc -c -g -O2   conftest.c >&5
conftest.c: In function 'main':
conftest.c:30:8: error: 'strchr' undeclared (first use in this function)
   30 | (void) strchr;
      |        ^~~~~~
conftest.c:1:1: note: 'strchr' is defined in header '<string.h>'; did you forget to '#include <string.h>'?
    1 | /* confdefs.h */
conftest.c:30:8: note: each undeclared identifier is reported only once for each function it appears in
   30 | (void) strchr;
      |        ^~~~~~
configure:13814: $? = 1
configure: failed program was:
| /* confdefs.h */
| #define PACKAGE_NAME "FreeType"
| #define PACKAGE_TARNAME "freetype"
| #define PACKAGE_VERSION "2.13.3"
| #define PACKAGE_STRING "FreeType 2.13.3"
| #define PACKAGE_BUGREPORT "freetype@nongnu.org"
| #define PACKAGE_URL ""
| #define HAVE_STDIO_H 1
| #define HAVE_STDLIB_H 1
| #define HAVE_STRING_H 1
| #define HAVE_INTTYPES_H 1
| #define HAVE_STDINT_H 1
| #define HAVE_STRINGS_H 1
| #define HAVE_SYS_STAT_H 1
| #define HAVE_SYS_TYPES_H 1
| #define HAVE_UNISTD_H 1
| #define HAVE_SYS_PARAM_H 1
| #define STDC_HEADERS 1
| #define HAVE_DLFCN_H 1
| #define LT_OBJDIR ".libs/"
| #define HAVE_FCNTL_H 1
| #define HAVE_UNISTD_H 1
| #define HAVE_GETPAGESIZE 1
| #define HAVE_MMAP 1
| /* end confdefs.h.  */
| 
| int
| main (void)
| {
| (void) strchr;
|   ;
|   return 0;
| }
configure:13841: gcc -c -g -O2   conftest.c >&5
configure:13841: $? = 0
configure:13861: result: none needed
configure:13875: checking whether munmap is declared
configure:13875: gcc -c -g -O2   conftest.c >&5
configure:13875: $? = 0
configure:13875: result: yes
configure:13894: checking for munmap's first parameter type
configure:13908: gcc -c -g -O2  conftest.c >&5
configure:13908: $? = 0
configure:13910: result: void *
configure:13954: checking gcc compiler flag -pedantic to assure ANSI C99 works correctly
configure:13981: gcc -c -g -O2  -pedantic  conftest.c >&5
configure:13981: $? = 0
configure:13983: result: ok, adding to XX_ANSIFLAGS
configure:13954: checking gcc compiler flag -std=c99 to assure ANSI C99 works correctly
configure:13981: gcc -c -g -O2  -pedantic -std=c99  conftest.c >&5
configure:13981: $? = 0
configure:13983: result: ok, adding to XX_ANSIFLAGS
configure:14018: checking for -fvisibility=hidden compiler flag
configure:14033: gcc -o conftest -g -O2 -fvisibility=hidden   conftest.c  >&5
configure:14033: $? = 0
configure:14036: result: yes
configure:14114: $PKG_CONFIG --exists --print-errors "$zlib_pkg"
configure:14117: $? = 0
configure:14124: checking for ZLIB
configure:14131: $PKG_CONFIG --exists --print-errors "$zlib_pkg"
configure:14134: $? = 0
configure:14148: $PKG_CONFIG --exists --print-errors "$zlib_pkg"
configure:14151: $? = 0
configure:14189: result: yes
configure:14300: $PKG_CONFIG --exists --print-errors "$bzip2_pkg"
Package bzip2 was not found in the pkg-config search path.
Perhaps you should add the directory containing `bzip2.pc'
to the PKG_CONFIG_PATH environment variable
Package 'bzip2', required by 'virtual:world', not found
configure:14303: $? = 1
configure:14310: checking for BZIP2
configure:14317: $PKG_CONFIG --exists --print-errors "$bzip2_pkg"
Package bzip2 was not found in the pkg-config search path.
Perhaps you should add the directory containing `bzip2.pc'
to the PKG_CONFIG_PATH environment variable
Package 'bzip2', required by 'virtual:world', not found
configure:14320: $? = 1
configure:14334: $PKG_CONFIG --exists --print-errors "$bzip2_pkg"
Package bzip2 was not found in the pkg-config search path.
Perhaps you should add the directory containing `bzip2.pc'
to the PKG_CONFIG_PATH environment variable
Package 'bzip2', required by 'virtual:world', not found
configure:14337: $? = 1
configure:14351: result: no
Package 'bzip2', required by 'virtual:world', not found
configure:14395: checking for BZ2_bzDecompress in -lbz2
configure:14424: gcc -o conftest -g -O2 -fvisibility=hidden   conftest.c -lbz2   >&5
configure:14424: $? = 0
configure:14436: result: yes
configure:14440: checking for bzlib.h
configure:14440: gcc -c -g -O2 -fvisibility=hidden  conftest.c >&5
configure:14440: $? = 0
configure:14440: result: yes
configure:14480: $PKG_CONFIG --exists --print-errors "$libpng_pkg"
configure:14483: $? = 0
configure:14490: checking for LIBPNG
configure:14497: $PKG_CONFIG --exists --print-errors "$libpng_pkg"
configure:14500: $? = 0
configure:14514: $PKG_CONFIG --exists --print-errors "$libpng_pkg"
configure:14517: $? = 0
configure:14555: result: yes
configure:14654: $PKG_CONFIG --exists --print-errors "$harfbuzz_pkg"
Package harfbuzz was not found in the pkg-config search path.
Perhaps you should add the directory containing `harfbuzz.pc'
to the PKG_CONFIG_PATH environment variable
Package 'harfbuzz', required by 'virtual:world', not found
configure:14657: $? = 1
configure:14664: checking for HARFBUZZ
configure:14671: $PKG_CONFIG --exists --print-errors "$harfbuzz_pkg"
Package harfbuzz was not found in the pkg-config search path.
Perhaps you should add the directory containing `harfbuzz.pc'
to the PKG_CONFIG_PATH environment variable
Package 'harfbuzz', required by 'virtual:world', not found
configure:14674: $? = 1
configure:14688: $PKG_CONFIG --exists --print-errors "$harfbuzz_pkg"
Package harfbuzz was not found in the pkg-config search path.
Perhaps you should add the directory containing `harfbuzz.pc'
to the PKG_CONFIG_PATH environment variable
Package 'harfbuzz', required by 'virtual:world', not found
configure:14691: $? = 1
configure:14705: result: no
Package 'harfbuzz', required by 'virtual:world', not found
configure:14780: $PKG_CONFIG --exists --print-errors "$brotli_pkg"
configure:14783: $? = 0
configure:14790: checking for BROTLI
configure:14797: $PKG_CONFIG --exists --print-errors "$brotli_pkg"
configure:14800: $? = 0
configure:14814: $PKG_CONFIG --exists --print-errors "$brotli_pkg"
configure:14817: $? = 0
configure:14855: result: yes
configure:14897: checking for library containing clock_gettime
configure:14933: gcc -o conftest -g -O2 -fvisibility=hidden   conftest.c  >&5
configure:14933: $? = 0
configure:14955: result: none required
configure:14985: checking for LIBRSVG
configure:14992: $PKG_CONFIG --exists --print-errors "librsvg-2.0 >= 2.46.0"
Package librsvg-2.0 was not found in the pkg-config search path.
Perhaps you should add the directory containing `librsvg-2.0.pc'
to the PKG_CONFIG_PATH environment variable
Package 'librsvg-2.0', required by 'virtual:world', not found
configure:14995: $? = 1
configure:15009: $PKG_CONFIG --exists --print-errors "librsvg-2.0 >= 2.46.0"
Package librsvg-2.0 was not found in the pkg-config search path.
Perhaps you should add the directory containing `librsvg-2.0.pc'
to the PKG_CONFIG_PATH environment variable
Package 'librsvg-2.0', required by 'virtual:world', not found
configure:15012: $? = 1
configure:15026: result: no
Package 'librsvg-2.0', required by 'virtual:world', not found
configure:15670: checking target system type
configure:15685: result: x86_64-pc-linux-gnu
configure:15712: checking for egrep -e
configure:15842: result: /usr/bin/grep -E
configure:16012: checking whether gcc is Clang
configure:16040: result: no
configure:16106: checking whether pthreads work with "-pthread" and "-lpthread"
configure:16218: gcc -o conftest -g -O2 -fvisibility=hidden -pthread   conftest.c -lpthread  >&5
configure:16218: $? = 0
configure:16228: result: yes
configure:16352: checking for joinable pthread attribute
configure:16371: gcc -o conftest -g -O2 -fvisibility=hidden -pthread   conftest.c -lpthread  >&5
configure:16371: $? = 0
configure:16381: result: PTHREAD_CREATE_JOINABLE
configure:16394: checking whether more special flags are required for pthreads
configure:16409: result: no
configure:16418: checking for PTHREAD_PRIO_INHERIT
configure:16436: gcc -o conftest -g -O2 -fvisibility=hidden -pthread   conftest.c -lpthread  >&5
configure:16436: $? = 0
configure:16448: result: yes
configure:16634: checking for python3
configure:16655: found /usr/bin/python3
configure:16667: result: python3
configure:16689: checking for python version
configure:16694: result: 3.12.3
configure:16755: checking for `docwriter' Python module
configure:16763: result: no
configure:17033: creating ./config.status

## ---------------------- ##
## Running config.status. ##
## ---------------------- ##

This file was extended by FreeType config.status 2.13.3, which was
generated by GNU Autoconf 2.72.  Invocation command line was

  CONFIG_FILES    = 
  CONFIG_HEADERS  = 
  CONFIG_LINKS    = 
  CONFIG_COMMANDS = 
  $ ./config.status 

on DESKTOP-B31VJ3P

config.status:1151: creating ftoption.h
config.status:1151: creating unix-cc.mk
config.status:1151: creating unix-def.mk
config.status:1151: creating ftconfig.h
config.status:1332: ftconfig.h is unchanged
config.status:1346: executing libtool commands
configure:19279:

Library configuration:
  external zlib: yes (pkg-config)
  bzip2:         yes (autoconf test)
  libpng:        yes (pkg-config)
  harfbuzz:      no
  brotli:        yes (pkg-config)
  pthread:       yes

configure:19303: WARNING:
  `make refdoc' will fail since pip package `docwriter' is not installed.
  To install, run `python3 -m pip install docwriter', or to use a Python
  virtual environment, run `make refdoc-venv' (requires pip package
  `virtualenv').  These operations require Python >= 3.5.
  

## ---------------- ##
## Cache variables. ##
## ---------------- ##

ac_cv_build=x86_64-pc-linux-gnu
ac_cv_c_compiler_gnu=yes
ac_cv_c_const=yes
ac_cv_c_undeclared_builtin_options='none needed'
ac_cv_env_BROTLI_CFLAGS_set=
ac_cv_env_BROTLI_CFLAGS_value=
ac_cv_env_BROTLI_LIBS_set=
ac_cv_env_BROTLI_LIBS_value=
ac_cv_env_BZIP2_CFLAGS_set=
ac_cv_env_BZIP2_CFLAGS_value=
ac_cv_env_BZIP2_LIBS_set=
ac_cv_env_BZIP2_LIBS_value=
ac_cv_env_CC_set=
ac_cv_env_CC_value=
ac_cv_env_CFLAGS_set=
ac_cv_env_CFLAGS_value=
ac_cv_env_CPPFLAGS_set=
ac_cv_env_CPPFLAGS_value=
ac_cv_env_CPP_set=
ac_cv_env_CPP_value=
ac_cv_env_HARFBUZZ_CFLAGS_set=
ac_cv_env_HARFBUZZ_CFLAGS_value=
ac_cv_env_HARFBUZZ_LIBS_set=
ac_cv_env_HARFBUZZ_LIBS_value=
ac_cv_env_LDFLAGS_set=
ac_cv_env_LDFLAGS_value=
ac_cv_env_LIBPNG_CFLAGS_set=
ac_cv_env_LIBPNG_CFLAGS_value=
ac_cv_env_LIBPNG_LIBS_set=
ac_cv_env_LIBPNG_LIBS_value=
ac_cv_env_LIBRSVG_CFLAGS_set=
ac_cv_env_LIBRSVG_CFLAGS_value=
ac_cv_env_LIBRSVG_LIBS_set=
ac_cv_env_LIBRSVG_LIBS_value=
ac_cv_env_LIBS_set=
ac_cv_env_LIBS_value=
ac_cv_env_LT_SYS_LIBRARY_PATH_set=
ac_cv_env_LT_SYS_LIBRARY_PATH_value=
ac_cv_env_PKG_CONFIG_LIBDIR_set=
ac_cv_env_PKG_CONFIG_LIBDIR_value=
ac_cv_env_PKG_CONFIG_PATH_set=
ac_cv_env_PKG_CONFIG_PATH_value=
ac_cv_env_PKG_CONFIG_set=
ac_cv_env_PKG_CONFIG_value=
ac_cv_env_ZLIB_CFLAGS_set=
ac_cv_env_ZLIB_CFLAGS_value=
ac_cv_env_ZLIB_LIBS_set=
ac_cv_env_ZLIB_LIBS_value=
ac_cv_env_build_alias_set=
ac_cv_env_build_alias_value=
ac_cv_env_host_alias_set=
ac_cv_env_host_alias_value=
ac_cv_env_target_alias_set=
ac_cv_env_target_alias_value=
ac_cv_func_getpagesize=yes
ac_cv_func_mmap_fixed_mapped=yes
ac_cv_have_decl_munmap=yes
ac_cv_header_bzlib_h=yes
ac_cv_header_dlfcn_h=yes
ac_cv_header_fcntl_h=yes
ac_cv_header_inttypes_h=yes
ac_cv_header_stdint_h=yes
ac_cv_header_stdio_h=yes
ac_cv_header_stdlib_h=yes
ac_cv_header_string_h=yes
ac_cv_header_strings_h=yes
ac_cv_header_sys_param_h=yes
ac_cv_header_sys_stat_h=yes
ac_cv_header_sys_types_h=yes
ac_cv_header_unistd_h=yes
ac_cv_header_windows_h=no
ac_cv_host=x86_64-pc-linux-gnu
ac_cv_lib_bz2_BZ2_bzDecompress=yes
ac_cv_objext=o
ac_cv_path_EGREP='/usr/bin/grep -E'
ac_cv_path_EGREP_TRADITIONAL='/usr/bin/grep -E'
ac_cv_path_FGREP='/usr/bin/grep -F'
ac_cv_path_GREP=/usr/bin/grep
ac_cv_path_SED=/usr/bin/sed
ac_cv_path_ac_pt_PKG_CONFIG=/usr/bin/pkg-config
ac_cv_path_install='/usr/bin/install -c'
ac_cv_path_lt_DD=/usr/bin/dd
ac_cv_path_mkdir=/usr/bin/mkdir
ac_cv_prog_AWK=gawk
ac_cv_prog_CPP='gcc -E'
ac_cv_prog_PYTHON=python3
ac_cv_prog_ac_ct_AR=ar
ac_cv_prog_ac_ct_CC=gcc
ac_cv_prog_ac_ct_FILECMD=file
ac_cv_prog_ac_ct_MANIFEST_TOOL=mt
ac_cv_prog_ac_ct_OBJDUMP=objdump
ac_cv_prog_ac_ct_RANLIB=ranlib
ac_cv_prog_ac_ct_STRIP=strip
ac_cv_prog_cc_c11=
ac_cv_prog_cc_g=yes
ac_cv_prog_cc_stdc=
ac_cv_search_clock_gettime='none required'
ac_cv_sys_largefile_opts='none needed'
ac_cv_target=x86_64-pc-linux-gnu
ax_cv_PTHREAD_CLANG=no
ax_cv_PTHREAD_JOINABLE_ATTR=PTHREAD_CREATE_JOINABLE
ax_cv_PTHREAD_PRIO_INHERIT=yes
ax_cv_PTHREAD_SPECIAL_FLAGS=no
lt_cv_ar_at_file=@
lt_cv_archive_cmds_need_lc=no
lt_cv_deplibs_check_method=pass_all
lt_cv_file_magic_cmd='$MAGIC_CMD'
lt_cv_file_magic_test_file=
lt_cv_ld_reload_flag=-r
lt_cv_nm_interface='BSD nm'
lt_cv_objdir=.libs
lt_cv_path_LD=/usr/bin/ld
lt_cv_path_NM='/usr/bin/nm -B'
lt_cv_path_mainfest_tool=no
lt_cv_prog_compiler_c_o=yes
lt_cv_prog_compiler_pic='-fPIC -DPIC'
lt_cv_prog_compiler_pic_works=yes
lt_cv_prog_compiler_rtti_exceptions=no
lt_cv_prog_compiler_static_works=yes
lt_cv_prog_gnu_ld=yes
lt_cv_sharedlib_from_linklib_cmd='printf %s\n'
lt_cv_shlibpath_overrides_runpath=yes
lt_cv_sys_global_symbol_pipe='/usr/bin/sed -n -e '\''s/^.*[	 ]\([ABCDGIRSTW][ABCDGIRSTW]*\)[	 ][	 ]*\([_A-Za-z][_A-Za-z0-9]*\)$/\1 \2 \2/p'\'' | /usr/bin/sed '\''/ __gnu_lto/d'\'''
lt_cv_sys_global_symbol_to_c_name_address='/usr/bin/sed -n -e '\''s/^: \(.*\) .*$/  {"\1", (void *) 0},/p'\'' -e '\''s/^[ABCDGIRSTW][ABCDGIRSTW]* .* \(.*\)$/  {"\1", (void *) \&\1},/p'\'''
lt_cv_sys_global_symbol_to_c_name_address_lib_prefix='/usr/bin/sed -n -e '\''s/^: \(.*\) .*$/  {"\1", (void *) 0},/p'\'' -e '\''s/^[ABCDGIRSTW][ABCDGIRSTW]* .* \(lib.*\)$/  {"\1", (void *) \&\1},/p'\'' -e '\''s/^[ABCDGIRSTW][ABCDGIRSTW]* .* \(.*\)$/  {"lib\1", (void *) \&\1},/p'\'''
lt_cv_sys_global_symbol_to_cdecl='/usr/bin/sed -n -e '\''s/^T .* \(.*\)$/extern int \1();/p'\'' -e '\''s/^[ABCDGIRSTW][ABCDGIRSTW]* .* \(.*\)$/extern char \1;/p'\'''
lt_cv_sys_global_symbol_to_import=
lt_cv_sys_max_cmd_len=1572864
lt_cv_to_host_file_cmd=func_convert_file_noop
lt_cv_to_tool_file_cmd=func_convert_file_noop
lt_cv_truncate_bin='/usr/bin/dd bs=4096 count=1'
pkg_cv_BROTLI_CFLAGS=
pkg_cv_BROTLI_LIBS='-lbrotlidec '
pkg_cv_LIBPNG_CFLAGS='-I/usr/include/libpng16 '
pkg_cv_LIBPNG_LIBS='-lpng16 '
pkg_cv_ZLIB_CFLAGS=
pkg_cv_ZLIB_LIBS='-lz '

## ----------------- ##
## Output variables. ##
## ----------------- ##

AR='ar'
AS='as'
AWK='gawk'
BROTLI_CFLAGS=''
BROTLI_LIBS='-lbrotlidec '
BZIP2_CFLAGS=''
BZIP2_LIBS='-lbz2'
CC='gcc'
CC_BUILD='gcc'
CFLAGS='-g -O2 -fvisibility=hidden   -I/usr/include/libpng16   -pthread'
CPP='gcc -E'
CPPFLAGS=''
DEFS='-DHAVE_CONFIG_H'
DLLTOOL='false'
DSYMUTIL=''
DUMPBIN=''
ECHO_C=''
ECHO_N='-n'
ECHO_T=''
EGREP='/usr/bin/grep -E'
EXEEXT=''
EXEEXT_BUILD=''
FGREP='/usr/bin/grep -F'
FILECMD='file'
FTSYS_SRC='$(PLATFORM_DIR)/ftsystem.c'
FT_DEMO_CFLAGS=''
FT_DEMO_LDFLAGS=''
GREP='/usr/bin/grep'
HARFBUZZ_CFLAGS=''
HARFBUZZ_LIBS=''
INSTALL_DATA='${INSTALL} -m 644'
INSTALL_FT2_CONFIG='FALSE'
INSTALL_PROGRAM='${INSTALL}'
INSTALL_SCRIPT='${INSTALL}'
LD='/usr/bin/ld -m elf_x86_64'
LDFLAGS=' -lz  -lbz2 -lpng16  -lbrotlidec  -pthread -lpthread'
LIBOBJS=''
LIBPNG_CFLAGS='-I/usr/include/libpng16 '
LIBPNG_LIBS='-lpng16 '
LIBRSVG_CFLAGS=''
LIBRSVG_LIBS=''
LIBS=''
LIBSSTATIC_CONFIG='-lfreetype -lz -lbz2 -lpng16 -lm -lz -lm -lz -lbrotlidec -lbrotlicommon'
LIBTOOL='$(SHELL) $(top_builddir)/libtool'
LIPO=''
LN_S='ln -s'
LTLIBOBJS=''
LT_SYS_LIBRARY_PATH=''
MANIFEST_TOOL=':'
MKDIR_P='/usr/bin/mkdir -p'
NM='/usr/bin/nm -B'
NMEDIT=''
OBJDUMP='objdump'
OBJEXT='o'
OTOOL64=''
OTOOL=''
PACKAGE_BUGREPORT='freetype@nongnu.org'
PACKAGE_NAME='FreeType'
PACKAGE_STRING='FreeType 2.13.3'
PACKAGE_TARNAME='freetype'
PACKAGE_URL=''
PACKAGE_VERSION='2.13.3'
PATH_SEPARATOR=':'
PKGCONFIG_LIBS='-L${libdir} -lfreetype'
PKGCONFIG_LIBS_PRIVATE='-lbz2'
PKGCONFIG_REQUIRES=''
PKGCONFIG_REQUIRES_PRIVATE='zlib, libpng, libbrotlidec'
PKG_CONFIG='/usr/bin/pkg-config'
PKG_CONFIG_LIBDIR=''
PKG_CONFIG_PATH=''
PTHREAD_CC='gcc'
PTHREAD_CFLAGS='-pthread'
PTHREAD_CXX=''
PTHREAD_LIBS='-lpthread'
PYTHON='python3'
PYTHON_VERSION='3.12.3'
RANLIB='ranlib'
RC=''
SED='/usr/bin/sed'
SHELL='/bin/bash'
STRIP='strip'
SYSTEM_ZLIB='yes'
XX_ANSIFLAGS=' -pedantic -std=c99'
XX_CFLAGS='-Wall'
ZLIB_CFLAGS=''
ZLIB_LIBS='-lz '
ac_ct_AR='ar'
ac_ct_CC='gcc'
ac_ct_DUMPBIN=''
ax_pthread_config=''
bindir='${exec_prefix}/bin'
build='x86_64-pc-linux-gnu'
build_alias=''
build_cpu='x86_64'
build_libtool_libs=''
build_os='linux-gnu'
build_vendor='pc'
datadir='${datarootdir}'
datarootdir='${prefix}/share'
docdir='${datarootdir}/doc/${PACKAGE_TARNAME}'
dvidir='${docdir}'
exec_prefix='${prefix}'
ft_version='26.2.20'
ftmac_c=''
hardcode_libdir_flag_spec='$wl-rpath $wl$libdir'
have_libpng='yes (pkg-config)'
host='x86_64-pc-linux-gnu'
host_alias=''
host_cpu='x86_64'
host_os='linux-gnu'
host_vendor='pc'
htmldir='${docdir}'
includedir='${prefix}/include'
infodir='${datarootdir}/info'
libdir='${exec_prefix}/lib'
libexecdir='${exec_prefix}/libexec'
localedir='${datarootdir}/locale'
localstatedir='${prefix}/var'
mandir='${datarootdir}/man'
oldincludedir='/usr/include'
pdfdir='${docdir}'
prefix='/home/thomas/coding/vivium/external/linux/freetypebuild2'
program_transform_name='s,x,x,'
psdir='${docdir}'
runstatedir='${localstatedir}/run'
sbindir='${exec_prefix}/sbin'
sharedstatedir='${prefix}/com'
sysconfdir='${prefix}/etc'
target='x86_64-pc-linux-gnu'
target_alias=''
target_cpu='x86_64'
target_os='linux-gnu'
target_vendor='pc'
version_info='26:2:20'
wl='-Wl,'

## ----------- ##
## confdefs.h. ##
## ----------- ##

/* confdefs.h */
#define PACKAGE_NAME "FreeType"
#define PACKAGE_TARNAME "freetype"
#define PACKAGE_VERSION "2.13.3"
#define PACKAGE_STRING "FreeType 2.13.3"
#define PACKAGE_BUGREPORT "freetype@nongnu.org"
#define PACKAGE_URL ""
#define HAVE_STDIO_H 1
#define HAVE_STDLIB_H 1
#define HAVE_STRING_H 1
#define HAVE_INTTYPES_H 1
#define HAVE_STDINT_H 1
#define HAVE_STRINGS_H 1
#define HAVE_SYS_STAT_H 1
#define HAVE_SYS_TYPES_H 1
#define HAVE_UNISTD_H 1
#define HAVE_SYS_PARAM_H 1
#define STDC_HEADERS 1
#define HAVE_DLFCN_H 1
#define LT_OBJDIR ".libs/"
#define HAVE_FCNTL_H 1
#define HAVE_UNISTD_H 1
#define HAVE_GETPAGESIZE 1
#define HAVE_MMAP 1
#define HAVE_DECL_MUNMAP 1
#define MUNMAP_USES_VOIDP /**/
#define HAVE_PTHREAD_PRIO_INHERIT 1

configure: exit 0
